[
  {"type":"KeywordNamespace","value":"from"},
  {"type":"Text","value":" "},
  {"type":"NameNamespace","value":"time"},
  {"type":"Text","value":" "},
  {"type":"Keyword","value":"import"},
  {"type":"Text","value":" "},
  {"type":"Name","value":"strftime"},
  {"type":"Text","value":"\n"},
  {"type":"KeywordNamespace","value":"import"},
  {"type":"Text","value":" "},
  {"type":"NameNamespace","value":"os.path"},
  {"type":"Text","value":"\n\n"},
  {"type":"Name","value":"ip"},
  {"type":"Text","value":" "},
  {"type":"Operator","value":"="},
  {"type":"Text","value":" "},
  {"type":"Name","value":"get_ipython"},
  {"type":"Punctuation","value":"()"},
  {"type":"Text","value":"\n\n"},
  {"type":"Name","value":"ldir"},
  {"type":"Text","value":" "},
  {"type":"Operator","value":"="},
  {"type":"Text","value":" "},
  {"type":"Name","value":"ip"},
  {"type":"Operator","value":"."},
  {"type":"Name","value":"profile_dir"},
  {"type":"Operator","value":"."},
  {"type":"Name","value":"log_dir"},
  {"type":"Text","value":" \n"},
  {"type":"Name","value":"fname"},
  {"type":"Text","value":" "},
  {"type":"Operator","value":"="},
  {"type":"Text","value":" "},
  {"type":"LiteralStringSingle","value":"'log-'"},
  {"type":"Text","value":" "},
  {"type":"Operator","value":"+"},
  {"type":"Text","value":" "},
  {"type":"Name","value":"ip"},
  {"type":"Operator","value":"."},
  {"type":"Name","value":"profile"},
  {"type":"Text","value":" "},
  {"type":"Operator","value":"+"},
  {"type":"Text","value":" "},
  {"type":"LiteralStringSingle","value":"'-'"},
  {"type":"Text","value":" "},
  {"type":"Operator","value":"+"},
  {"type":"Text","value":" "},
  {"type":"Name","value":"strftime"},
  {"type":"Punctuation","value":"("},
  {"type":"LiteralStringSingle","value":"'%Y-%m-"},
  {"type":"LiteralStringInterpol","value":"%d"},
  {"type":"LiteralStringSingle","value":"'"},
  {"type":"Punctuation","value":")"},
  {"type":"Text","value":" "},
  {"type":"Operator","value":"+"},
  {"type":"Text","value":" "},
  {"type":"LiteralStringDouble","value":"\".py\""},
  {"type":"Text","value":"\n"},
  {"type":"Name","value":"filename"},
  {"type":"Text","value":" "},
  {"type":"Operator","value":"="},
  {"type":"Text","value":" "},
  {"type":"Name","value":"os"},
  {"type":"Operator","value":"."},
  {"type":"Name","value":"path"},
  {"type":"Operator","value":"."},
  {"type":"Name","value":"join"},
  {"type":"Punctuation","value":"("},
  {"type":"Name","value":"ldir"},
  {"type":"Punctuation","value":","},
  {"type":"Text","value":" "},
  {"type":"Name","value":"fname"},
  {"type":"Punctuation","value":")"},
  {"type":"Text","value":"\n"},
  {"type":"Name","value":"notnew"},
  {"type":"Text","value":" "},
  {"type":"Operator","value":"="},
  {"type":"Text","value":" "},
  {"type":"Name","value":"os"},
  {"type":"Operator","value":"."},
  {"type":"Name","value":"path"},
  {"type":"Operator","value":"."},
  {"type":"Name","value":"exists"},
  {"type":"Punctuation","value":"("},
  {"type":"Name","value":"filename"},
  {"type":"Punctuation","value":")"},
  {"type":"Text","value":"\n\n"},
  {"type":"Keyword","value":"try"},
  {"type":"Punctuation","value":":"},
  {"type":"Text","value":"\n  "},
  {"type":"Name","value":"ip"},
  {"type":"Operator","value":"."},
  {"type":"Name","value":"magic"},
  {"type":"Punctuation","value":"("},
  {"type":"LiteralStringSingle","value":"'logstart -o "},
  {"type":"LiteralStringInterpol","value":"%s"},
  {"type":"LiteralStringSingle","value":" append'"},
  {"type":"Text","value":" "},
  {"type":"Operator","value":"%"},
  {"type":"Text","value":" "},
  {"type":"Name","value":"filename"},
  {"type":"Punctuation","value":")"},
  {"type":"Text","value":"\n  "},
  {"type":"Keyword","value":"if"},
  {"type":"Text","value":" "},
  {"type":"Name","value":"notnew"},
  {"type":"Punctuation","value":":"},
  {"type":"Text","value":"\n      "},
  {"type":"Name","value":"ip"},
  {"type":"Operator","value":"."},
  {"type":"Name","value":"logger"},
  {"type":"Operator","value":"."},
  {"type":"Name","value":"log_write"},
  {"type":"Punctuation","value":"("},
  {"type":"LiteralStringAffix","value":"u"},
  {"type":"LiteralStringDouble","value":"\"# ================================="},
  {"type":"LiteralStringEscape","value":"\\n"},
  {"type":"LiteralStringDouble","value":"\""},
  {"type":"Punctuation","value":")"},
  {"type":"Text","value":"\n  "},
  {"type":"Keyword","value":"else"},
  {"type":"Punctuation","value":":"},
  {"type":"Text","value":"\n      "},
  {"type":"Name","value":"ip"},
  {"type":"Operator","value":"."},
  {"type":"Name","value":"logger"},
  {"type":"Operator","value":"."},
  {"type":"Name","value":"log_write"},
  {"type":"Punctuation","value":"("},
  {"type":"LiteralStringAffix","value":"u"},
  {"type":"LiteralStringDouble","value":"\"#!/usr/bin/env python"},
  {"type":"LiteralStringEscape","value":"\\n"},
  {"type":"LiteralStringDouble","value":"\""},
  {"type":"Text","value":" "},
  {"type":"Punctuation","value":")"},
  {"type":"Text","value":"\n      "},
  {"type":"Name","value":"ip"},
  {"type":"Operator","value":"."},
  {"type":"Name","value":"logger"},
  {"type":"Operator","value":"."},
  {"type":"Name","value":"log_write"},
  {"type":"Punctuation","value":"("},
  {"type":"LiteralStringAffix","value":"u"},
  {"type":"LiteralStringDouble","value":"\"# \""},
  {"type":"Text","value":" "},
  {"type":"Operator","value":"+"},
  {"type":"Text","value":" "},
  {"type":"Name","value":"fname"},
  {"type":"Text","value":" "},
  {"type":"Operator","value":"+"},
  {"type":"Text","value":" "},
  {"type":"LiteralStringDouble","value":"\""},
  {"type":"LiteralStringEscape","value":"\\n"},
  {"type":"LiteralStringDouble","value":"\""},
  {"type":"Text","value":" "},
  {"type":"Punctuation","value":")"},
  {"type":"Text","value":"\n      "},
  {"type":"Name","value":"ip"},
  {"type":"Operator","value":"."},
  {"type":"Name","value":"logger"},
  {"type":"Operator","value":"."},
  {"type":"Name","value":"log_write"},
  {"type":"Punctuation","value":"("},
  {"type":"LiteralStringAffix","value":"u"},
  {"type":"LiteralStringDouble","value":"\"# IPython automatic logging file"},
  {"type":"LiteralStringEscape","value":"\\n"},
  {"type":"LiteralStringDouble","value":"\""},
  {"type":"Text","value":" "},
  {"type":"Punctuation","value":")"},
  {"type":"Text","value":"\n  "},
  {"type":"Name","value":"ip"},
  {"type":"Operator","value":"."},
  {"type":"Name","value":"logger"},
  {"type":"Operator","value":"."},
  {"type":"Name","value":"log_write"},
  {"type":"Punctuation","value":"("},
  {"type":"LiteralStringAffix","value":"u"},
  {"type":"LiteralStringDouble","value":"\"# \""},
  {"type":"Text","value":" "},
  {"type":"Operator","value":"+"},
  {"type":"Text","value":" "},
  {"type":"Name","value":"strftime"},
  {"type":"Punctuation","value":"("},
  {"type":"LiteralStringSingle","value":"'%H:%M:%S'"},
  {"type":"Punctuation","value":")"},
  {"type":"Text","value":" "},
  {"type":"Operator","value":"+"},
  {"type":"Text","value":" "},
  {"type":"LiteralStringDouble","value":"\""},
  {"type":"LiteralStringEscape","value":"\\n"},
  {"type":"LiteralStringDouble","value":"\""},
  {"type":"Text","value":" "},
  {"type":"Punctuation","value":")"},
  {"type":"Text","value":"\n  "},
  {"type":"Name","value":"ip"},
  {"type":"Operator","value":"."},
  {"type":"Name","value":"logger"},
  {"type":"Operator","value":"."},
  {"type":"Name","value":"log_write"},
  {"type":"Punctuation","value":"("},
  {"type":"LiteralStringAffix","value":"u"},
  {"type":"LiteralStringDouble","value":"\"# ================================="},
  {"type":"LiteralStringEscape","value":"\\n"},
  {"type":"LiteralStringDouble","value":"\""},
  {"type":"Text","value":" "},
  {"type":"Punctuation","value":")"},
  {"type":"Text","value":"\n  "},
  {"type":"NameBuiltin","value":"print"},
  {"type":"Text","value":" "},
  {"type":"Punctuation","value":"("},
  {"type":"LiteralStringDouble","value":"\" Logging to \""},
  {"type":"Operator","value":"+"},
  {"type":"Name","value":"filename"},
  {"type":"Punctuation","value":")"},
  {"type":"Text","value":"\n"},
  {"type":"Keyword","value":"except"},
  {"type":"Text","value":" "},
  {"type":"NameException","value":"RuntimeError"},
  {"type":"Punctuation","value":":"},
  {"type":"Text","value":"\n    "},
  {"type":"NameBuiltin","value":"print"},
  {"type":"Text","value":" "},
  {"type":"Punctuation","value":"("},
  {"type":"LiteralStringDouble","value":"\" Already logging to \""},
  {"type":"Operator","value":"+"},
  {"type":"Name","value":"ip"},
  {"type":"Operator","value":"."},
  {"type":"Name","value":"logger"},
  {"type":"Operator","value":"."},
  {"type":"Name","value":"logfname"},
  {"type":"Punctuation","value":")"}
]
